[2025-04-17 20:13:26] info: antiRaidGuard.js koruma sistemi yükleniyor...
[2025-04-17 20:13:26] info: AntiRaid koruma sistemi başlatılıyor...
[2025-04-17 20:13:26] info: [BAŞARI] AntiRaid koruma sistemi başarıyla başlatıldı!
[2025-04-17 20:13:26] info: [BAŞARI] AntiRaid koruma sistemi başarıyla yüklendi!
[2025-04-17 20:13:26] info: antiSpamGuard.js koruma sistemi yükleniyor...
[2025-04-17 20:13:26] info: AntiSpam koruma sistemi başlatılıyor...
[2025-04-17 20:13:26] info: [BAŞARI] AntiSpam koruma sistemi başarıyla başlatıldı!
[2025-04-17 20:13:26] info: [BAŞARI] AntiSpam koruma sistemi başarıyla yüklendi!
[2025-04-17 20:13:26] info: banKickGuard.js koruma sistemi yükleniyor...
[2025-04-17 20:13:26] info: BanKickGuard koruma sistemi başlatılıyor...
[2025-04-17 20:13:26] info: [BAŞARI] BanKickGuard koruma sistemi başarıyla başlatıldı!
[2025-04-17 20:13:26] info: [BAŞARI] BanKickGuard koruma sistemi başarıyla yüklendi!
[2025-04-17 20:13:26] info: botGuard.js koruma sistemi yükleniyor...
[2025-04-17 20:13:26] info: BotGuard koruma sistemi başlatılıyor...
[2025-04-17 20:13:26] info: [BAŞARI] BotGuard koruma sistemi başarıyla başlatıldı!
[2025-04-17 20:13:26] info: [BAŞARI] BotGuard koruma sistemi başarıyla yüklendi!
[2025-04-17 20:13:26] info: channelGuard.js koruma sistemi yükleniyor...
[2025-04-17 20:13:26] info: ChannelGuard koruma sistemi başlatılıyor...
[2025-04-17 20:13:26] info: [BAŞARI] ChannelGuard koruma sistemi başarıyla başlatıldı!
[2025-04-17 20:13:26] info: [BAŞARI] ChannelGuard koruma sistemi başarıyla yüklendi!
[2025-04-17 20:13:26] info: messageGuard.js koruma sistemi yükleniyor...
[2025-04-17 20:13:26] info: MessageGuard koruma sistemi başlatılıyor...
[2025-04-17 20:13:26] info: [BAŞARI] MessageGuard koruma sistemi başarıyla başlatıldı!
[2025-04-17 20:13:26] info: [BAŞARI] MessageGuard koruma sistemi başarıyla yüklendi!
[2025-04-17 20:13:26] info: roleGuard.js koruma sistemi yükleniyor...
[2025-04-17 20:13:26] info: RoleGuard koruma sistemi başlatılıyor...
[2025-04-17 20:13:26] info: [BAŞARI] RoleGuard koruma sistemi başarıyla başlatıldı!
[2025-04-17 20:13:26] info: [BAŞARI] RoleGuard koruma sistemi başarıyla yüklendi!
[2025-04-17 20:13:26] info: serverGuard.js koruma sistemi yükleniyor...
[2025-04-17 20:13:26] info: ServerGuard koruma sistemi başlatılıyor...
[2025-04-17 20:13:26] info: [BAŞARI] ServerGuard koruma sistemi başarıyla başlatıldı!
[2025-04-17 20:13:26] info: [BAŞARI] ServerGuard koruma sistemi başarıyla yüklendi!
[2025-04-17 20:13:26] info: webhookGuard.js koruma sistemi yükleniyor...
[2025-04-17 20:13:26] info: WebhookGuard koruma sistemi başlatılıyor...
[2025-04-17 20:13:26] info: [BAŞARI] WebhookGuard koruma sistemi başarıyla başlatıldı!
[2025-04-17 20:13:26] info: [BAŞARI] WebhookGuard koruma sistemi başarıyla yüklendi!
[2025-04-17 20:13:26] info: koruma komutu yüklendi!
[2025-04-17 20:13:26] info: whitelist komutu yüklendi!
[2025-04-17 20:13:26] info: bot komutu yüklendi!
[2025-04-17 20:13:26] info: davet komutu yüklendi!
[2025-04-17 20:13:26] info: yardım komutu yüklendi!
[2025-04-17 20:13:26] info: interactionCreate olayı yükleniyor...
[2025-04-17 20:13:26] info: [BAŞARI] interactionCreate olayı başarıyla yüklendi!
[2025-04-17 20:13:26] info: ready olayı yükleniyor...
[2025-04-17 20:13:26] info: [BAŞARI] ready olayı başarıyla yüklendi!
[2025-04-17 20:13:26] info: [BAŞARI] Toplam 2 olay başarıyla yüklendi!
[2025-04-17 20:13:26] info: [DB] Veritabanı tipi: sqlite
[2025-04-17 20:13:26] info: [DB] SQLite bağlantısı kuruluyor...
[2025-04-17 20:13:26] info: [DB] SQLite tabloları başarıyla oluşturuldu
[2025-04-17 20:13:26] info: [DB] SQLite bağlantısı başarılı!
[2025-04-17 20:13:26] info: [BAŞARI] Veritabanına başarıyla bağlandı!
[2025-04-17 20:13:27] info: [BAŞARI] NivaMC#2302 olarak giriş yapıldı!
[2025-04-17 20:13:28] info: [BAŞARI] NivaMC#2302 olarak giriş yapıldı!
[2025-04-17 20:13:28] info: Slash komutlar yükleniyor...
[2025-04-17 20:13:28] info: /koruma komutu yüklendi.
[2025-04-17 20:13:28] info: /whitelist komutu yüklendi.
[2025-04-17 20:13:28] info: /bot komutu yüklendi.
[2025-04-17 20:13:28] info: /davet komutu yüklendi.
[2025-04-17 20:13:28] info: /yardım komutu yüklendi.
[2025-04-17 20:13:28] info: 5 slash komut kaydediliyor...
[2025-04-17 20:13:28] info: [BAŞARI] Slash komutlar başarıyla global olarak kaydedildi!
[2025-04-17 20:13:28] info: Koruma sistemleri kontrol ediliyor...
[2025-04-17 20:13:28] info: Toplam 9 koruma sistemi bulundu, 9 tanesi etkin.
[2025-04-17 20:13:28] info: Aktif koruma sistemleri:
[2025-04-17 20:13:28] info: • AntiRaid: Sunucuya kısa sürede çok sayıda kullanıcı katılmasını tespit eder ve önlem alır.
[2025-04-17 20:13:28] info: • AntiSpam: Kullanıcıların kısa sürede çok sayıda mesaj göndermesini tespit eder ve önlem alır.
[2025-04-17 20:13:28] info: • BanKickGuard: Toplu ban/kick işlemlerini tespit eder ve engeller.
[2025-04-17 20:13:28] info: • BotGuard: Sunucuya izinsiz bot eklemelerini tespit eder ve engeller.
[2025-04-17 20:13:28] info: • ChannelGuard: Kanal oluşturma, silme ve düzenleme işlemlerini takip eder ve yetkisiz değişiklikleri engeller.
[2025-04-17 20:13:28] info: • MessageGuard: Toplu mesaj silme işlemlerini izler ve önlem alır.
[2025-04-17 20:13:28] info: • RoleGuard: Rol oluşturma, silme ve düzenleme işlemlerini takip eder ve yetkisiz değişiklikleri engeller.
[2025-04-17 20:13:28] info: • ServerGuard: Sunucu ayarları değişikliklerini izler ve yetkisiz değişiklikleri engeller.
[2025-04-17 20:13:28] info: • WebhookGuard: Webhook oluşturma, silme ve düzenleme işlemlerini takip eder ve yetkisiz değişiklikleri engeller.
[2025-04-17 20:21:04] info: antiRaidGuard.js koruma sistemi yükleniyor...
[2025-04-17 20:21:04] info: AntiRaid koruma sistemi başlatılıyor...
[2025-04-17 20:21:04] info: [BAŞARI] AntiRaid koruma sistemi başarıyla başlatıldı!
[2025-04-17 20:21:04] info: [BAŞARI] AntiRaid koruma sistemi başarıyla yüklendi!
[2025-04-17 20:21:04] info: antiSpamGuard.js koruma sistemi yükleniyor...
[2025-04-17 20:21:04] info: AntiSpam koruma sistemi başlatılıyor...
[2025-04-17 20:21:04] info: [BAŞARI] AntiSpam koruma sistemi başarıyla başlatıldı!
[2025-04-17 20:21:04] info: [BAŞARI] AntiSpam koruma sistemi başarıyla yüklendi!
[2025-04-17 20:21:04] info: banKickGuard.js koruma sistemi yükleniyor...
[2025-04-17 20:21:04] info: BanKickGuard koruma sistemi başlatılıyor...
[2025-04-17 20:21:04] info: [BAŞARI] BanKickGuard koruma sistemi başarıyla başlatıldı!
[2025-04-17 20:21:04] info: [BAŞARI] BanKickGuard koruma sistemi başarıyla yüklendi!
[2025-04-17 20:21:04] info: botGuard.js koruma sistemi yükleniyor...
[2025-04-17 20:21:04] info: BotGuard koruma sistemi başlatılıyor...
[2025-04-17 20:21:04] info: [BAŞARI] BotGuard koruma sistemi başarıyla başlatıldı!
[2025-04-17 20:21:04] info: [BAŞARI] BotGuard koruma sistemi başarıyla yüklendi!
[2025-04-17 20:21:04] info: channelGuard.js koruma sistemi yükleniyor...
[2025-04-17 20:21:04] info: ChannelGuard koruma sistemi başlatılıyor...
[2025-04-17 20:21:04] info: [BAŞARI] ChannelGuard koruma sistemi başarıyla başlatıldı!
[2025-04-17 20:21:04] info: [BAŞARI] ChannelGuard koruma sistemi başarıyla yüklendi!
[2025-04-17 20:21:04] info: messageGuard.js koruma sistemi yükleniyor...
[2025-04-17 20:21:04] info: MessageGuard koruma sistemi başlatılıyor...
[2025-04-17 20:21:04] info: [BAŞARI] MessageGuard koruma sistemi başarıyla başlatıldı!
[2025-04-17 20:21:04] info: [BAŞARI] MessageGuard koruma sistemi başarıyla yüklendi!
[2025-04-17 20:21:04] info: roleGuard.js koruma sistemi yükleniyor...
[2025-04-17 20:21:04] info: RoleGuard koruma sistemi başlatılıyor...
[2025-04-17 20:21:04] info: [BAŞARI] RoleGuard koruma sistemi başarıyla başlatıldı!
[2025-04-17 20:21:04] info: [BAŞARI] RoleGuard koruma sistemi başarıyla yüklendi!
[2025-04-17 20:21:04] info: serverGuard.js koruma sistemi yükleniyor...
[2025-04-17 20:21:04] info: ServerGuard koruma sistemi başlatılıyor...
[2025-04-17 20:21:04] info: [BAŞARI] ServerGuard koruma sistemi başarıyla başlatıldı!
[2025-04-17 20:21:04] info: [BAŞARI] ServerGuard koruma sistemi başarıyla yüklendi!
[2025-04-17 20:21:04] info: webhookGuard.js koruma sistemi yükleniyor...
[2025-04-17 20:21:04] info: WebhookGuard koruma sistemi başlatılıyor...
[2025-04-17 20:21:04] info: [BAŞARI] WebhookGuard koruma sistemi başarıyla başlatıldı!
[2025-04-17 20:21:04] info: [BAŞARI] WebhookGuard koruma sistemi başarıyla yüklendi!
[2025-04-17 20:21:04] info: yenile komutu yüklendi!
[2025-04-17 20:21:04] info: koruma komutu yüklendi!
[2025-04-17 20:21:04] info: whitelist komutu yüklendi!
[2025-04-17 20:21:04] info: bot komutu yüklendi!
[2025-04-17 20:21:04] info: davet komutu yüklendi!
[2025-04-17 20:21:04] info: yardım komutu yüklendi!
[2025-04-17 20:21:04] info: interactionCreate olayı yükleniyor...
[2025-04-17 20:21:04] info: [BAŞARI] interactionCreate olayı başarıyla yüklendi!
[2025-04-17 20:21:04] info: ready olayı yükleniyor...
[2025-04-17 20:21:04] info: [BAŞARI] ready olayı başarıyla yüklendi!
[2025-04-17 20:21:04] info: [BAŞARI] Toplam 2 olay başarıyla yüklendi!
[2025-04-17 20:21:04] info: [DB] Veritabanı tipi: sqlite
[2025-04-17 20:21:04] info: [DB] SQLite bağlantısı kuruluyor...
[2025-04-17 20:21:04] info: [DB] SQLite tabloları başarıyla oluşturuldu
[2025-04-17 20:21:04] info: [DB] SQLite bağlantısı başarılı!
[2025-04-17 20:21:04] info: [BAŞARI] Veritabanına başarıyla bağlandı!
[2025-04-17 20:21:05] info: [BAŞARI] NivaMC#2302 olarak giriş yapıldı!
[2025-04-17 20:21:06] info: [BAŞARI] NivaMC#2302 olarak giriş yapıldı!
[2025-04-17 20:21:06] info: Slash komutlar yükleniyor...
[2025-04-17 20:21:06] info: /yenile komutu yüklendi.
[2025-04-17 20:21:06] info: /koruma komutu yüklendi.
[2025-04-17 20:21:06] info: /whitelist komutu yüklendi.
[2025-04-17 20:21:06] info: /bot komutu yüklendi.
[2025-04-17 20:21:06] info: /davet komutu yüklendi.
[2025-04-17 20:21:06] info: /yardım komutu yüklendi.
[2025-04-17 20:21:06] info: 6 slash komut kaydediliyor...
[2025-04-17 20:21:06] info: [BAŞARI] Slash komutlar başarıyla global olarak kaydedildi!
[2025-04-17 20:21:06] info: Koruma sistemleri kontrol ediliyor...
[2025-04-17 20:21:06] info: Toplam 9 koruma sistemi bulundu, 9 tanesi etkin.
[2025-04-17 20:21:06] info: Aktif koruma sistemleri:
[2025-04-17 20:21:06] info: • AntiRaid: Sunucuya kısa sürede çok sayıda kullanıcı katılmasını tespit eder ve önlem alır.
[2025-04-17 20:21:06] info: • AntiSpam: Kullanıcıların kısa sürede çok sayıda mesaj göndermesini tespit eder ve önlem alır.
[2025-04-17 20:21:06] info: • BanKickGuard: Toplu ban/kick işlemlerini tespit eder ve engeller.
[2025-04-17 20:21:06] info: • BotGuard: Sunucuya izinsiz bot eklemelerini tespit eder ve engeller.
[2025-04-17 20:21:06] info: • ChannelGuard: Kanal oluşturma, silme ve düzenleme işlemlerini takip eder ve yetkisiz değişiklikleri engeller.
[2025-04-17 20:21:06] info: • MessageGuard: Toplu mesaj silme işlemlerini izler ve önlem alır.
[2025-04-17 20:21:06] info: • RoleGuard: Rol oluşturma, silme ve düzenleme işlemlerini takip eder ve yetkisiz değişiklikleri engeller.
[2025-04-17 20:21:06] info: • ServerGuard: Sunucu ayarları değişikliklerini izler ve yetkisiz değişiklikleri engeller.
[2025-04-17 20:21:06] info: • WebhookGuard: Webhook oluşturma, silme ve düzenleme işlemlerini takip eder ve yetkisiz değişiklikleri engeller.
[2025-04-17 20:23:59] info: antiRaidGuard.js koruma sistemi yükleniyor...
[2025-04-17 20:23:59] info: AntiRaid koruma sistemi başlatılıyor...
[2025-04-17 20:23:59] info: [BAŞARI] AntiRaid koruma sistemi başarıyla başlatıldı!
[2025-04-17 20:23:59] info: [BAŞARI] AntiRaid koruma sistemi başarıyla yüklendi!
[2025-04-17 20:23:59] info: antiSpamGuard.js koruma sistemi yükleniyor...
[2025-04-17 20:23:59] info: AntiSpam koruma sistemi başlatılıyor...
[2025-04-17 20:23:59] info: [BAŞARI] AntiSpam koruma sistemi başarıyla başlatıldı!
[2025-04-17 20:23:59] info: [BAŞARI] AntiSpam koruma sistemi başarıyla yüklendi!
[2025-04-17 20:23:59] info: banKickGuard.js koruma sistemi yükleniyor...
[2025-04-17 20:23:59] info: BanKickGuard koruma sistemi başlatılıyor...
[2025-04-17 20:23:59] info: [BAŞARI] BanKickGuard koruma sistemi başarıyla başlatıldı!
[2025-04-17 20:23:59] info: [BAŞARI] BanKickGuard koruma sistemi başarıyla yüklendi!
[2025-04-17 20:23:59] info: botGuard.js koruma sistemi yükleniyor...
[2025-04-17 20:23:59] info: BotGuard koruma sistemi başlatılıyor...
[2025-04-17 20:23:59] info: [BAŞARI] BotGuard koruma sistemi başarıyla başlatıldı!
[2025-04-17 20:23:59] info: [BAŞARI] BotGuard koruma sistemi başarıyla yüklendi!
[2025-04-17 20:23:59] info: channelGuard.js koruma sistemi yükleniyor...
[2025-04-17 20:23:59] info: ChannelGuard koruma sistemi başlatılıyor...
[2025-04-17 20:23:59] info: [BAŞARI] ChannelGuard koruma sistemi başarıyla başlatıldı!
[2025-04-17 20:23:59] info: [BAŞARI] ChannelGuard koruma sistemi başarıyla yüklendi!
[2025-04-17 20:23:59] info: messageGuard.js koruma sistemi yükleniyor...
[2025-04-17 20:23:59] info: MessageGuard koruma sistemi başlatılıyor...
[2025-04-17 20:23:59] info: [BAŞARI] MessageGuard koruma sistemi başarıyla başlatıldı!
[2025-04-17 20:23:59] info: [BAŞARI] MessageGuard koruma sistemi başarıyla yüklendi!
[2025-04-17 20:23:59] info: roleGuard.js koruma sistemi yükleniyor...
[2025-04-17 20:23:59] info: RoleGuard koruma sistemi başlatılıyor...
[2025-04-17 20:23:59] info: [BAŞARI] RoleGuard koruma sistemi başarıyla başlatıldı!
[2025-04-17 20:23:59] info: [BAŞARI] RoleGuard koruma sistemi başarıyla yüklendi!
[2025-04-17 20:23:59] info: serverGuard.js koruma sistemi yükleniyor...
[2025-04-17 20:23:59] info: ServerGuard koruma sistemi başlatılıyor...
[2025-04-17 20:23:59] info: [BAŞARI] ServerGuard koruma sistemi başarıyla başlatıldı!
[2025-04-17 20:23:59] info: [BAŞARI] ServerGuard koruma sistemi başarıyla yüklendi!
[2025-04-17 20:23:59] info: webhookGuard.js koruma sistemi yükleniyor...
[2025-04-17 20:23:59] info: WebhookGuard koruma sistemi başlatılıyor...
[2025-04-17 20:23:59] info: [BAŞARI] WebhookGuard koruma sistemi başarıyla başlatıldı!
[2025-04-17 20:23:59] info: [BAŞARI] WebhookGuard koruma sistemi başarıyla yüklendi!
[2025-04-17 20:23:59] info: yenile komutu yüklendi!
[2025-04-17 20:23:59] info: koruma komutu yüklendi!
[2025-04-17 20:23:59] info: whitelist komutu yüklendi!
[2025-04-17 20:23:59] info: bot komutu yüklendi!
[2025-04-17 20:23:59] info: davet komutu yüklendi!
[2025-04-17 20:23:59] info: yardım komutu yüklendi!
[2025-04-17 20:23:59] info: interactionCreate olayı yükleniyor...
[2025-04-17 20:23:59] info: [BAŞARI] interactionCreate olayı başarıyla yüklendi!
[2025-04-17 20:23:59] info: messageCreate olayı yükleniyor...
[2025-04-17 20:23:59] info: [BAŞARI] messageCreate olayı başarıyla yüklendi!
[2025-04-17 20:23:59] info: ready olayı yükleniyor...
[2025-04-17 20:23:59] info: [BAŞARI] ready olayı başarıyla yüklendi!
[2025-04-17 20:23:59] info: [BAŞARI] Toplam 3 olay başarıyla yüklendi!
[2025-04-17 20:23:59] info: [DB] Veritabanı tipi: sqlite
[2025-04-17 20:23:59] info: [DB] SQLite bağlantısı kuruluyor...
[2025-04-17 20:24:00] info: [DB] SQLite tabloları başarıyla oluşturuldu
[2025-04-17 20:24:00] info: [DB] SQLite bağlantısı başarılı!
[2025-04-17 20:24:00] info: [BAŞARI] Veritabanına başarıyla bağlandı!
[2025-04-17 20:24:00] info: [BAŞARI] NivaMC#2302 olarak giriş yapıldı!
[2025-04-17 20:24:00] info: [BAŞARI] NivaMC#2302 olarak giriş yapıldı!
[2025-04-17 20:24:00] info: Slash komutlar yükleniyor...
[2025-04-17 20:24:00] info: /yenile komutu yüklendi.
[2025-04-17 20:24:00] info: /koruma komutu yüklendi.
[2025-04-17 20:24:00] info: /whitelist komutu yüklendi.
[2025-04-17 20:24:00] info: /bot komutu yüklendi.
[2025-04-17 20:24:00] info: /davet komutu yüklendi.
[2025-04-17 20:24:00] info: /yardım komutu yüklendi.
[2025-04-17 20:24:00] info: 6 slash komut kaydediliyor...
[2025-04-17 20:24:01] info: [BAŞARI] Slash komutlar başarıyla global olarak kaydedildi!
[2025-04-17 20:24:01] info: Koruma sistemleri kontrol ediliyor...
[2025-04-17 20:24:01] info: Toplam 9 koruma sistemi bulundu, 9 tanesi etkin.
[2025-04-17 20:24:01] info: Aktif koruma sistemleri:
[2025-04-17 20:24:01] info: • AntiRaid: Sunucuya kısa sürede çok sayıda kullanıcı katılmasını tespit eder ve önlem alır.
[2025-04-17 20:24:01] info: • AntiSpam: Kullanıcıların kısa sürede çok sayıda mesaj göndermesini tespit eder ve önlem alır.
[2025-04-17 20:24:01] info: • BanKickGuard: Toplu ban/kick işlemlerini tespit eder ve engeller.
[2025-04-17 20:24:01] info: • BotGuard: Sunucuya izinsiz bot eklemelerini tespit eder ve engeller.
[2025-04-17 20:24:01] info: • ChannelGuard: Kanal oluşturma, silme ve düzenleme işlemlerini takip eder ve yetkisiz değişiklikleri engeller.
[2025-04-17 20:24:01] info: • MessageGuard: Toplu mesaj silme işlemlerini izler ve önlem alır.
[2025-04-17 20:24:01] info: • RoleGuard: Rol oluşturma, silme ve düzenleme işlemlerini takip eder ve yetkisiz değişiklikleri engeller.
[2025-04-17 20:24:01] info: • ServerGuard: Sunucu ayarları değişikliklerini izler ve yetkisiz değişiklikleri engeller.
[2025-04-17 20:24:01] info: • WebhookGuard: Webhook oluşturma, silme ve düzenleme işlemlerini takip eder ve yetkisiz değişiklikleri engeller.
[2025-04-17 20:24:20] info: /yenile komutu bellekte yenilendi.
[2025-04-17 20:24:20] info: /koruma komutu bellekte yenilendi.
[2025-04-17 20:24:20] info: /whitelist komutu bellekte yenilendi.
[2025-04-17 20:24:20] info: /bot komutu bellekte yenilendi.
[2025-04-17 20:24:20] info: /davet komutu bellekte yenilendi.
[2025-04-17 20:24:20] info: /yardım komutu bellekte yenilendi.
[2025-04-17 20:24:21] info: [BAŞARI] 6 slash komut başarıyla yenilendi!
[2025-04-17 20:26:20] info: antiRaidGuard.js koruma sistemi yükleniyor...
[2025-04-17 20:26:20] info: AntiRaid koruma sistemi başlatılıyor...
[2025-04-17 20:26:20] info: [BAŞARI] AntiRaid koruma sistemi başarıyla başlatıldı!
[2025-04-17 20:26:20] info: [BAŞARI] AntiRaid koruma sistemi başarıyla yüklendi!
[2025-04-17 20:26:20] info: antiSpamGuard.js koruma sistemi yükleniyor...
[2025-04-17 20:26:20] info: AntiSpam koruma sistemi başlatılıyor...
[2025-04-17 20:26:20] info: [BAŞARI] AntiSpam koruma sistemi başarıyla başlatıldı!
[2025-04-17 20:26:20] info: [BAŞARI] AntiSpam koruma sistemi başarıyla yüklendi!
[2025-04-17 20:26:20] info: banKickGuard.js koruma sistemi yükleniyor...
[2025-04-17 20:26:20] info: BanKickGuard koruma sistemi başlatılıyor...
[2025-04-17 20:26:20] info: [BAŞARI] BanKickGuard koruma sistemi başarıyla başlatıldı!
[2025-04-17 20:26:20] info: [BAŞARI] BanKickGuard koruma sistemi başarıyla yüklendi!
[2025-04-17 20:26:20] info: botGuard.js koruma sistemi yükleniyor...
[2025-04-17 20:26:20] info: BotGuard koruma sistemi başlatılıyor...
[2025-04-17 20:26:20] info: [BAŞARI] BotGuard koruma sistemi başarıyla başlatıldı!
[2025-04-17 20:26:20] info: [BAŞARI] BotGuard koruma sistemi başarıyla yüklendi!
[2025-04-17 20:26:20] info: channelGuard.js koruma sistemi yükleniyor...
[2025-04-17 20:26:20] info: ChannelGuard koruma sistemi başlatılıyor...
[2025-04-17 20:26:20] info: [BAŞARI] ChannelGuard koruma sistemi başarıyla başlatıldı!
[2025-04-17 20:26:20] info: [BAŞARI] ChannelGuard koruma sistemi başarıyla yüklendi!
[2025-04-17 20:26:20] info: messageGuard.js koruma sistemi yükleniyor...
[2025-04-17 20:26:20] info: MessageGuard koruma sistemi başlatılıyor...
[2025-04-17 20:26:20] info: [BAŞARI] MessageGuard koruma sistemi başarıyla başlatıldı!
[2025-04-17 20:26:20] info: [BAŞARI] MessageGuard koruma sistemi başarıyla yüklendi!
[2025-04-17 20:26:20] info: roleGuard.js koruma sistemi yükleniyor...
[2025-04-17 20:26:20] info: RoleGuard koruma sistemi başlatılıyor...
[2025-04-17 20:26:20] info: [BAŞARI] RoleGuard koruma sistemi başarıyla başlatıldı!
[2025-04-17 20:26:20] info: [BAŞARI] RoleGuard koruma sistemi başarıyla yüklendi!
[2025-04-17 20:26:20] info: serverGuard.js koruma sistemi yükleniyor...
[2025-04-17 20:26:20] info: ServerGuard koruma sistemi başlatılıyor...
[2025-04-17 20:26:20] info: [BAŞARI] ServerGuard koruma sistemi başarıyla başlatıldı!
[2025-04-17 20:26:20] info: [BAŞARI] ServerGuard koruma sistemi başarıyla yüklendi!
[2025-04-17 20:26:20] info: webhookGuard.js koruma sistemi yükleniyor...
[2025-04-17 20:26:20] info: WebhookGuard koruma sistemi başlatılıyor...
[2025-04-17 20:26:20] info: [BAŞARI] WebhookGuard koruma sistemi başarıyla başlatıldı!
[2025-04-17 20:26:20] info: [BAŞARI] WebhookGuard koruma sistemi başarıyla yüklendi!
[2025-04-17 20:26:20] info: yenile komutu yüklendi!
[2025-04-17 20:26:20] info: koruma komutu yüklendi!
[2025-04-17 20:26:20] info: whitelist komutu yüklendi!
[2025-04-17 20:26:20] info: bot komutu yüklendi!
[2025-04-17 20:26:20] info: davet komutu yüklendi!
[2025-04-17 20:26:20] info: yardım komutu yüklendi!
[2025-04-17 20:26:20] info: interactionCreate olayı yükleniyor...
[2025-04-17 20:26:20] info: [BAŞARI] interactionCreate olayı başarıyla yüklendi!
[2025-04-17 20:26:20] info: messageCreate olayı yükleniyor...
[2025-04-17 20:26:20] info: [BAŞARI] messageCreate olayı başarıyla yüklendi!
[2025-04-17 20:26:20] info: ready olayı yükleniyor...
[2025-04-17 20:26:20] info: [BAŞARI] ready olayı başarıyla yüklendi!
[2025-04-17 20:26:20] info: [BAŞARI] Toplam 3 olay başarıyla yüklendi!
[2025-04-17 20:26:20] info: [DB] Veritabanı tipi: sqlite
[2025-04-17 20:26:20] info: [DB] SQLite bağlantısı kuruluyor...
[2025-04-17 20:26:20] info: [DB] SQLite tabloları başarıyla oluşturuldu
[2025-04-17 20:26:20] info: [DB] SQLite bağlantısı başarılı!
[2025-04-17 20:26:20] info: [BAŞARI] Veritabanına başarıyla bağlandı!
[2025-04-17 20:26:21] info: [BAŞARI] NivaMC#2302 olarak giriş yapıldı!
[2025-04-17 20:26:21] info: [BAŞARI] NivaMC#2302 olarak giriş yapıldı!
[2025-04-17 20:26:21] info: Slash komutlar yükleniyor...
[2025-04-17 20:26:21] info: /yenile komutu yüklendi.
[2025-04-17 20:26:21] info: /koruma komutu yüklendi.
[2025-04-17 20:26:21] info: /whitelist komutu yüklendi.
[2025-04-17 20:26:21] info: /bot komutu yüklendi.
[2025-04-17 20:26:21] info: /davet komutu yüklendi.
[2025-04-17 20:26:21] info: /yardım komutu yüklendi.
[2025-04-17 20:26:21] info: 6 slash komut kaydediliyor...
[2025-04-17 20:26:22] info: [BAŞARI] Slash komutlar başarıyla global olarak kaydedildi!
[2025-04-17 20:26:22] info: Koruma sistemleri kontrol ediliyor...
[2025-04-17 20:26:22] info: Toplam 9 koruma sistemi bulundu, 9 tanesi etkin.
[2025-04-17 20:26:22] info: Aktif koruma sistemleri:
[2025-04-17 20:26:22] info: • AntiRaid: Sunucuya kısa sürede çok sayıda kullanıcı katılmasını tespit eder ve önlem alır.
[2025-04-17 20:26:22] info: • AntiSpam: Kullanıcıların kısa sürede çok sayıda mesaj göndermesini tespit eder ve önlem alır.
[2025-04-17 20:26:22] info: • BanKickGuard: Toplu ban/kick işlemlerini tespit eder ve engeller.
[2025-04-17 20:26:22] info: • BotGuard: Sunucuya izinsiz bot eklemelerini tespit eder ve engeller.
[2025-04-17 20:26:22] info: • ChannelGuard: Kanal oluşturma, silme ve düzenleme işlemlerini takip eder ve yetkisiz değişiklikleri engeller.
[2025-04-17 20:26:22] info: • MessageGuard: Toplu mesaj silme işlemlerini izler ve önlem alır.
[2025-04-17 20:26:22] info: • RoleGuard: Rol oluşturma, silme ve düzenleme işlemlerini takip eder ve yetkisiz değişiklikleri engeller.
[2025-04-17 20:26:22] info: • ServerGuard: Sunucu ayarları değişikliklerini izler ve yetkisiz değişiklikleri engeller.
[2025-04-17 20:26:22] info: • WebhookGuard: Webhook oluşturma, silme ve düzenleme işlemlerini takip eder ve yetkisiz değişiklikleri engeller.
[2025-04-17 20:26:27] info: /yenile komutu bellekte yenilendi.
[2025-04-17 20:26:27] info: /koruma komutu bellekte yenilendi.
[2025-04-17 20:26:27] info: /whitelist komutu bellekte yenilendi.
[2025-04-17 20:26:27] info: /bot komutu bellekte yenilendi.
[2025-04-17 20:26:27] info: /davet komutu bellekte yenilendi.
[2025-04-17 20:26:27] info: /yardım komutu bellekte yenilendi.
[2025-04-17 20:26:28] info: [BAŞARI] 6 slash komut başarıyla yenilendi!
[2025-04-17 20:29:00] info: antiRaidGuard.js koruma sistemi yükleniyor...
[2025-04-17 20:29:00] info: AntiRaid koruma sistemi başlatılıyor...
[2025-04-17 20:29:00] info: [BAŞARI] AntiRaid koruma sistemi başarıyla başlatıldı!
[2025-04-17 20:29:00] info: [BAŞARI] AntiRaid koruma sistemi başarıyla yüklendi!
[2025-04-17 20:29:00] info: antiSpamGuard.js koruma sistemi yükleniyor...
[2025-04-17 20:29:00] info: AntiSpam koruma sistemi başlatılıyor...
[2025-04-17 20:29:00] info: [BAŞARI] AntiSpam koruma sistemi başarıyla başlatıldı!
[2025-04-17 20:29:00] info: [BAŞARI] AntiSpam koruma sistemi başarıyla yüklendi!
[2025-04-17 20:29:00] info: banKickGuard.js koruma sistemi yükleniyor...
[2025-04-17 20:29:00] info: BanKickGuard koruma sistemi başlatılıyor...
[2025-04-17 20:29:00] info: [BAŞARI] BanKickGuard koruma sistemi başarıyla başlatıldı!
[2025-04-17 20:29:00] info: [BAŞARI] BanKickGuard koruma sistemi başarıyla yüklendi!
[2025-04-17 20:29:00] info: botGuard.js koruma sistemi yükleniyor...
[2025-04-17 20:29:00] info: BotGuard koruma sistemi başlatılıyor...
[2025-04-17 20:29:00] info: [BAŞARI] BotGuard koruma sistemi başarıyla başlatıldı!
[2025-04-17 20:29:00] info: [BAŞARI] BotGuard koruma sistemi başarıyla yüklendi!
[2025-04-17 20:29:00] info: channelGuard.js koruma sistemi yükleniyor...
[2025-04-17 20:29:00] info: ChannelGuard koruma sistemi başlatılıyor...
[2025-04-17 20:29:00] info: [BAŞARI] ChannelGuard koruma sistemi başarıyla başlatıldı!
[2025-04-17 20:29:00] info: [BAŞARI] ChannelGuard koruma sistemi başarıyla yüklendi!
[2025-04-17 20:29:00] info: messageGuard.js koruma sistemi yükleniyor...
[2025-04-17 20:29:00] info: MessageGuard koruma sistemi başlatılıyor...
[2025-04-17 20:29:00] info: [BAŞARI] MessageGuard koruma sistemi başarıyla başlatıldı!
[2025-04-17 20:29:00] info: [BAŞARI] MessageGuard koruma sistemi başarıyla yüklendi!
[2025-04-17 20:29:00] info: roleGuard.js koruma sistemi yükleniyor...
[2025-04-17 20:29:00] info: RoleGuard koruma sistemi başlatılıyor...
[2025-04-17 20:29:00] info: [BAŞARI] RoleGuard koruma sistemi başarıyla başlatıldı!
[2025-04-17 20:29:00] info: [BAŞARI] RoleGuard koruma sistemi başarıyla yüklendi!
[2025-04-17 20:29:00] info: serverGuard.js koruma sistemi yükleniyor...
[2025-04-17 20:29:00] info: ServerGuard koruma sistemi başlatılıyor...
[2025-04-17 20:29:00] info: [BAŞARI] ServerGuard koruma sistemi başarıyla başlatıldı!
[2025-04-17 20:29:00] info: [BAŞARI] ServerGuard koruma sistemi başarıyla yüklendi!
[2025-04-17 20:29:00] info: webhookGuard.js koruma sistemi yükleniyor...
[2025-04-17 20:29:00] info: WebhookGuard koruma sistemi başlatılıyor...
[2025-04-17 20:29:00] info: [BAŞARI] WebhookGuard koruma sistemi başarıyla başlatıldı!
[2025-04-17 20:29:00] info: [BAŞARI] WebhookGuard koruma sistemi başarıyla yüklendi!
[2025-04-17 20:29:00] info: yenile komutu yüklendi!
[2025-04-17 20:29:00] info: koruma komutu yüklendi!
[2025-04-17 20:29:00] info: whitelist komutu yüklendi!
[2025-04-17 20:29:00] info: bot komutu yüklendi!
[2025-04-17 20:29:00] info: davet komutu yüklendi!
[2025-04-17 20:29:00] info: yardım komutu yüklendi!
[2025-04-17 20:29:00] info: interactionCreate olayı yükleniyor...
[2025-04-17 20:29:00] info: [BAŞARI] interactionCreate olayı başarıyla yüklendi!
[2025-04-17 20:29:00] info: messageCreate olayı yükleniyor...
[2025-04-17 20:29:00] info: [BAŞARI] messageCreate olayı başarıyla yüklendi!
[2025-04-17 20:29:00] info: ready olayı yükleniyor...
[2025-04-17 20:29:00] info: [BAŞARI] ready olayı başarıyla yüklendi!
[2025-04-17 20:29:00] info: [BAŞARI] Toplam 3 olay başarıyla yüklendi!
[2025-04-17 20:29:00] info: [DB] Veritabanı tipi: sqlite
[2025-04-17 20:29:00] info: [DB] SQLite bağlantısı kuruluyor...
[2025-04-17 20:29:00] info: [DB] SQLite tabloları başarıyla oluşturuldu
[2025-04-17 20:29:00] info: [DB] SQLite bağlantısı başarılı!
[2025-04-17 20:29:00] info: [BAŞARI] Veritabanına başarıyla bağlandı!
[2025-04-17 20:29:00] info: [BAŞARI] NivaMC#2302 olarak giriş yapıldı!
[2025-04-17 20:29:01] info: [BAŞARI] NivaMC#2302 olarak giriş yapıldı!
[2025-04-17 20:29:01] info: Slash komutlar yükleniyor...
[2025-04-17 20:29:01] info: /yenile komutu yüklendi.
[2025-04-17 20:29:01] info: /koruma komutu yüklendi.
[2025-04-17 20:29:01] info: /whitelist komutu yüklendi.
[2025-04-17 20:29:01] info: /bot komutu yüklendi.
[2025-04-17 20:29:01] info: /davet komutu yüklendi.
[2025-04-17 20:29:01] info: /yardım komutu yüklendi.
[2025-04-17 20:29:01] info: 6 slash komut kaydediliyor...
[2025-04-17 20:29:01] info: [BAŞARI] Slash komutlar başarıyla global olarak kaydedildi!
[2025-04-17 20:29:01] info: Koruma sistemleri kontrol ediliyor...
[2025-04-17 20:29:01] info: Toplam 9 koruma sistemi bulundu, 9 tanesi etkin.
[2025-04-17 20:29:01] info: Aktif koruma sistemleri:
[2025-04-17 20:29:01] info: • AntiRaid: Sunucuya kısa sürede çok sayıda kullanıcı katılmasını tespit eder ve önlem alır.
[2025-04-17 20:29:01] info: • AntiSpam: Kullanıcıların kısa sürede çok sayıda mesaj göndermesini tespit eder ve önlem alır.
[2025-04-17 20:29:01] info: • BanKickGuard: Toplu ban/kick işlemlerini tespit eder ve engeller.
[2025-04-17 20:29:01] info: • BotGuard: Sunucuya izinsiz bot eklemelerini tespit eder ve engeller.
[2025-04-17 20:29:01] info: • ChannelGuard: Kanal oluşturma, silme ve düzenleme işlemlerini takip eder ve yetkisiz değişiklikleri engeller.
[2025-04-17 20:29:01] info: • MessageGuard: Toplu mesaj silme işlemlerini izler ve önlem alır.
[2025-04-17 20:29:01] info: • RoleGuard: Rol oluşturma, silme ve düzenleme işlemlerini takip eder ve yetkisiz değişiklikleri engeller.
[2025-04-17 20:29:01] info: • ServerGuard: Sunucu ayarları değişikliklerini izler ve yetkisiz değişiklikleri engeller.
[2025-04-17 20:29:01] info: • WebhookGuard: Webhook oluşturma, silme ve düzenleme işlemlerini takip eder ve yetkisiz değişiklikleri engeller.
[2025-04-17 20:29:11] info: [KOMUT] canbyes_ (1231403330568323173) | /yardım 
[2025-04-17 20:29:31] info: [KOMUT] canbyes_ (1231403330568323173) | /bot 
[2025-04-17 20:31:37] info: [BotGuard] Bot eklendi: MEE6#4876 (159985870458322944)
[2025-04-17 20:31:38] warn: [BotGuard] Bot ekleyen kullanıcı tespit edilemedi: MEE6#4876 (159985870458322944)
[2025-04-17 22:15:00] info: [KOMUT] canbyes_ (1231403330568323173) | /davet 
[2025-04-17 22:15:13] info: [KOMUT] canbyes_ (1231403330568323173) | /koruma durum
[2025-04-20 13:03:12] info: antiRaidGuard.js koruma sistemi yükleniyor...
[2025-04-20 13:03:12] info: AntiRaid koruma sistemi başlatılıyor...
[2025-04-20 13:03:12] info: [BAŞARI] AntiRaid koruma sistemi başarıyla başlatıldı!
[2025-04-20 13:03:12] info: [BAŞARI] AntiRaid koruma sistemi başarıyla yüklendi!
[2025-04-20 13:03:12] info: antiSpamGuard.js koruma sistemi yükleniyor...
[2025-04-20 13:03:12] info: AntiSpam koruma sistemi başlatılıyor...
[2025-04-20 13:03:12] info: [BAŞARI] AntiSpam koruma sistemi başarıyla başlatıldı!
[2025-04-20 13:03:12] info: [BAŞARI] AntiSpam koruma sistemi başarıyla yüklendi!
[2025-04-20 13:03:12] info: banKickGuard.js koruma sistemi yükleniyor...
[2025-04-20 13:03:12] info: BanKickGuard koruma sistemi başlatılıyor...
[2025-04-20 13:03:12] info: [BAŞARI] BanKickGuard koruma sistemi başarıyla başlatıldı!
[2025-04-20 13:03:12] info: [BAŞARI] BanKickGuard koruma sistemi başarıyla yüklendi!
[2025-04-20 13:03:12] info: botGuard.js koruma sistemi yükleniyor...
[2025-04-20 13:03:12] info: BotGuard koruma sistemi başlatılıyor...
[2025-04-20 13:03:12] info: [BAŞARI] BotGuard koruma sistemi başarıyla başlatıldı!
[2025-04-20 13:03:12] info: [BAŞARI] BotGuard koruma sistemi başarıyla yüklendi!
[2025-04-20 13:03:12] info: channelGuard.js koruma sistemi yükleniyor...
[2025-04-20 13:03:12] info: ChannelGuard koruma sistemi başlatılıyor...
[2025-04-20 13:03:12] info: [BAŞARI] ChannelGuard koruma sistemi başarıyla başlatıldı!
[2025-04-20 13:03:12] info: [BAŞARI] ChannelGuard koruma sistemi başarıyla yüklendi!
[2025-04-20 13:03:12] info: messageGuard.js koruma sistemi yükleniyor...
[2025-04-20 13:03:12] info: MessageGuard koruma sistemi başlatılıyor...
[2025-04-20 13:03:12] info: [BAŞARI] MessageGuard koruma sistemi başarıyla başlatıldı!
[2025-04-20 13:03:12] info: [BAŞARI] MessageGuard koruma sistemi başarıyla yüklendi!
[2025-04-20 13:03:12] info: roleGuard.js koruma sistemi yükleniyor...
[2025-04-20 13:03:12] info: RoleGuard koruma sistemi başlatılıyor...
[2025-04-20 13:03:12] info: [BAŞARI] RoleGuard koruma sistemi başarıyla başlatıldı!
[2025-04-20 13:03:12] info: [BAŞARI] RoleGuard koruma sistemi başarıyla yüklendi!
[2025-04-20 13:03:12] info: serverGuard.js koruma sistemi yükleniyor...
[2025-04-20 13:03:12] info: ServerGuard koruma sistemi başlatılıyor...
[2025-04-20 13:03:12] info: [BAŞARI] ServerGuard koruma sistemi başarıyla başlatıldı!
[2025-04-20 13:03:12] info: [BAŞARI] ServerGuard koruma sistemi başarıyla yüklendi!
[2025-04-20 13:03:12] info: webhookGuard.js koruma sistemi yükleniyor...
[2025-04-20 13:03:12] info: WebhookGuard koruma sistemi başlatılıyor...
[2025-04-20 13:03:12] info: [BAŞARI] WebhookGuard koruma sistemi başarıyla başlatıldı!
[2025-04-20 13:03:12] info: [BAŞARI] WebhookGuard koruma sistemi başarıyla yüklendi!
[2025-04-20 13:03:12] info: yenile komutu yüklendi!
[2025-04-20 13:03:12] info: koruma komutu yüklendi!
[2025-04-20 13:03:12] info: whitelist komutu yüklendi!
[2025-04-20 13:03:12] info: bot komutu yüklendi!
[2025-04-20 13:03:12] info: davet komutu yüklendi!
[2025-04-20 13:03:12] info: yardım komutu yüklendi!
[2025-04-20 13:03:12] info: interactionCreate olayı yükleniyor...
[2025-04-20 13:03:12] info: [BAŞARI] interactionCreate olayı başarıyla yüklendi!
[2025-04-20 13:03:12] info: messageCreate olayı yükleniyor...
[2025-04-20 13:03:12] info: [BAŞARI] messageCreate olayı başarıyla yüklendi!
[2025-04-20 13:03:12] info: ready olayı yükleniyor...
[2025-04-20 13:03:12] info: [BAŞARI] ready olayı başarıyla yüklendi!
[2025-04-20 13:03:12] info: [BAŞARI] Toplam 3 olay başarıyla yüklendi!
[2025-04-20 13:03:12] info: [DB] Veritabanı tipi: sqlite
[2025-04-20 13:03:12] info: [DB] SQLite bağlantısı kuruluyor...
[2025-04-20 13:03:12] info: [DB] SQLite tabloları başarıyla oluşturuldu
[2025-04-20 13:03:12] info: [DB] SQLite bağlantısı başarılı!
[2025-04-20 13:03:12] info: [BAŞARI] Veritabanına başarıyla bağlandı!
[2025-04-20 13:03:13] info: [BAŞARI] NivaMC#2302 olarak giriş yapıldı!
[2025-04-20 13:03:13] info: [BAŞARI] NivaMC#2302 olarak giriş yapıldı!
[2025-04-20 13:03:13] info: Slash komutlar yükleniyor...
[2025-04-20 13:03:13] info: /yenile komutu yüklendi.
[2025-04-20 13:03:13] info: /koruma komutu yüklendi.
[2025-04-20 13:03:13] info: /whitelist komutu yüklendi.
[2025-04-20 13:03:13] info: /bot komutu yüklendi.
[2025-04-20 13:03:13] info: /davet komutu yüklendi.
[2025-04-20 13:03:13] info: /yardım komutu yüklendi.
[2025-04-20 13:03:13] info: 6 slash komut kaydediliyor...
[2025-04-20 13:03:15] info: [BAŞARI] Slash komutlar başarıyla global olarak kaydedildi!
[2025-04-20 13:03:15] info: Koruma sistemleri kontrol ediliyor...
[2025-04-20 13:03:15] info: Toplam 9 koruma sistemi bulundu, 9 tanesi etkin.
[2025-04-20 13:03:15] info: Aktif koruma sistemleri:
[2025-04-20 13:03:15] info: • AntiRaid: Sunucuya kısa sürede çok sayıda kullanıcı katılmasını tespit eder ve önlem alır.
[2025-04-20 13:03:15] info: • AntiSpam: Kullanıcıların kısa sürede çok sayıda mesaj göndermesini tespit eder ve önlem alır.
[2025-04-20 13:03:15] info: • BanKickGuard: Toplu ban/kick işlemlerini tespit eder ve engeller.
[2025-04-20 13:03:15] info: • BotGuard: Sunucuya izinsiz bot eklemelerini tespit eder ve engeller.
[2025-04-20 13:03:15] info: • ChannelGuard: Kanal oluşturma, silme ve düzenleme işlemlerini takip eder ve yetkisiz değişiklikleri engeller.
[2025-04-20 13:03:15] info: • MessageGuard: Toplu mesaj silme işlemlerini izler ve önlem alır.
[2025-04-20 13:03:15] info: • RoleGuard: Rol oluşturma, silme ve düzenleme işlemlerini takip eder ve yetkisiz değişiklikleri engeller.
[2025-04-20 13:03:15] info: • ServerGuard: Sunucu ayarları değişikliklerini izler ve yetkisiz değişiklikleri engeller.
[2025-04-20 13:03:15] info: • WebhookGuard: Webhook oluşturma, silme ve düzenleme işlemlerini takip eder ve yetkisiz değişiklikleri engeller.
[2025-04-20 13:03:27] info: [KOMUT] canbyes_ (1231403330568323173) | /yardım 
[2025-04-20 13:03:46] info: [KOMUT] canbyes_ (1231403330568323173) | /bot 
[2025-04-20 13:04:00] info: [KOMUT] canbyes_ (1231403330568323173) | /koruma durum
[2025-04-20 18:36:46] info: antiRaidGuard.js koruma sistemi yükleniyor...
[2025-04-20 18:36:46] info: AntiRaid koruma sistemi başlatılıyor...
[2025-04-20 18:36:46] info: [BAŞARI] AntiRaid koruma sistemi başarıyla başlatıldı!
[2025-04-20 18:36:46] info: [BAŞARI] AntiRaid koruma sistemi başarıyla yüklendi!
[2025-04-20 18:36:46] info: antiSpamGuard.js koruma sistemi yükleniyor...
[2025-04-20 18:36:46] info: AntiSpam koruma sistemi başlatılıyor...
[2025-04-20 18:36:46] info: [BAŞARI] AntiSpam koruma sistemi başarıyla başlatıldı!
[2025-04-20 18:36:46] info: [BAŞARI] AntiSpam koruma sistemi başarıyla yüklendi!
[2025-04-20 18:36:46] info: banKickGuard.js koruma sistemi yükleniyor...
[2025-04-20 18:36:46] info: BanKickGuard koruma sistemi başlatılıyor...
[2025-04-20 18:36:46] info: [BAŞARI] BanKickGuard koruma sistemi başarıyla başlatıldı!
[2025-04-20 18:36:46] info: [BAŞARI] BanKickGuard koruma sistemi başarıyla yüklendi!
[2025-04-20 18:36:46] info: botGuard.js koruma sistemi yükleniyor...
[2025-04-20 18:36:46] info: BotGuard koruma sistemi başlatılıyor...
[2025-04-20 18:36:46] info: [BAŞARI] BotGuard koruma sistemi başarıyla başlatıldı!
[2025-04-20 18:36:46] info: [BAŞARI] BotGuard koruma sistemi başarıyla yüklendi!
[2025-04-20 18:36:46] info: channelGuard.js koruma sistemi yükleniyor...
[2025-04-20 18:36:46] info: ChannelGuard koruma sistemi başlatılıyor...
[2025-04-20 18:36:46] info: [BAŞARI] ChannelGuard koruma sistemi başarıyla başlatıldı!
[2025-04-20 18:36:46] info: [BAŞARI] ChannelGuard koruma sistemi başarıyla yüklendi!
[2025-04-20 18:36:46] info: messageGuard.js koruma sistemi yükleniyor...
[2025-04-20 18:36:46] info: MessageGuard koruma sistemi başlatılıyor...
[2025-04-20 18:36:46] info: [BAŞARI] MessageGuard koruma sistemi başarıyla başlatıldı!
[2025-04-20 18:36:46] info: [BAŞARI] MessageGuard koruma sistemi başarıyla yüklendi!
[2025-04-20 18:36:46] info: roleGuard.js koruma sistemi yükleniyor...
[2025-04-20 18:36:46] info: RoleGuard koruma sistemi başlatılıyor...
[2025-04-20 18:36:46] info: [BAŞARI] RoleGuard koruma sistemi başarıyla başlatıldı!
[2025-04-20 18:36:46] info: [BAŞARI] RoleGuard koruma sistemi başarıyla yüklendi!
[2025-04-20 18:36:46] info: serverGuard.js koruma sistemi yükleniyor...
[2025-04-20 18:36:46] info: ServerGuard koruma sistemi başlatılıyor...
[2025-04-20 18:36:46] info: [BAŞARI] ServerGuard koruma sistemi başarıyla başlatıldı!
[2025-04-20 18:36:46] info: [BAŞARI] ServerGuard koruma sistemi başarıyla yüklendi!
[2025-04-20 18:36:46] info: webhookGuard.js koruma sistemi yükleniyor...
[2025-04-20 18:36:46] info: WebhookGuard koruma sistemi başlatılıyor...
[2025-04-20 18:36:46] info: [BAŞARI] WebhookGuard koruma sistemi başarıyla başlatıldı!
[2025-04-20 18:36:46] info: [BAŞARI] WebhookGuard koruma sistemi başarıyla yüklendi!
[2025-04-20 18:36:46] info: yenile komutu yüklendi!
[2025-04-20 18:36:46] info: koruma komutu yüklendi!
[2025-04-20 18:36:46] info: whitelist komutu yüklendi!
[2025-04-20 18:36:46] info: bot komutu yüklendi!
[2025-04-20 18:36:46] info: davet komutu yüklendi!
[2025-04-20 18:36:46] info: yardım komutu yüklendi!
[2025-04-20 18:36:46] info: interactionCreate olayı yükleniyor...
[2025-04-20 18:36:46] info: [BAŞARI] interactionCreate olayı başarıyla yüklendi!
[2025-04-20 18:36:46] info: messageCreate olayı yükleniyor...
[2025-04-20 18:36:46] info: [BAŞARI] messageCreate olayı başarıyla yüklendi!
[2025-04-20 18:36:46] info: ready olayı yükleniyor...
[2025-04-20 18:36:46] info: [BAŞARI] ready olayı başarıyla yüklendi!
[2025-04-20 18:36:46] info: [BAŞARI] Toplam 3 olay başarıyla yüklendi!
[2025-04-20 18:36:46] info: [DB] Veritabanı tipi: sqlite
[2025-04-20 18:36:46] info: [DB] SQLite bağlantısı kuruluyor...
[2025-04-20 18:36:46] info: [DB] SQLite tabloları başarıyla oluşturuldu
[2025-04-20 18:36:46] info: [DB] SQLite bağlantısı başarılı!
[2025-04-20 18:36:46] info: [BAŞARI] Veritabanına başarıyla bağlandı!
[2025-04-20 18:36:47] info: [BAŞARI] NivaMC#2302 olarak giriş yapıldı!
[2025-04-20 18:36:47] info: [BAŞARI] NivaMC#2302 olarak giriş yapıldı!
[2025-04-20 18:36:47] info: Slash komutlar yükleniyor...
[2025-04-20 18:36:47] info: /yenile komutu yüklendi.
[2025-04-20 18:36:47] info: /koruma komutu yüklendi.
[2025-04-20 18:36:47] info: /whitelist komutu yüklendi.
[2025-04-20 18:36:47] info: /bot komutu yüklendi.
[2025-04-20 18:36:47] info: /davet komutu yüklendi.
[2025-04-20 18:36:47] info: /yardım komutu yüklendi.
[2025-04-20 18:36:47] info: 6 slash komut kaydediliyor...
[2025-04-20 18:36:47] info: [BAŞARI] Slash komutlar başarıyla global olarak kaydedildi!
[2025-04-20 18:36:47] info: Koruma sistemleri kontrol ediliyor...
[2025-04-20 18:36:47] info: Toplam 9 koruma sistemi bulundu, 9 tanesi etkin.
[2025-04-20 18:36:47] info: Aktif koruma sistemleri:
[2025-04-20 18:36:47] info: • AntiRaid: Sunucuya kısa sürede çok sayıda kullanıcı katılmasını tespit eder ve önlem alır.
[2025-04-20 18:36:47] info: • AntiSpam: Kullanıcıların kısa sürede çok sayıda mesaj göndermesini tespit eder ve önlem alır.
[2025-04-20 18:36:47] info: • BanKickGuard: Toplu ban/kick işlemlerini tespit eder ve engeller.
[2025-04-20 18:36:47] info: • BotGuard: Sunucuya izinsiz bot eklemelerini tespit eder ve engeller.
[2025-04-20 18:36:47] info: • ChannelGuard: Kanal oluşturma, silme ve düzenleme işlemlerini takip eder ve yetkisiz değişiklikleri engeller.
[2025-04-20 18:36:47] info: • MessageGuard: Toplu mesaj silme işlemlerini izler ve önlem alır.
[2025-04-20 18:36:47] info: • RoleGuard: Rol oluşturma, silme ve düzenleme işlemlerini takip eder ve yetkisiz değişiklikleri engeller.
[2025-04-20 18:36:47] info: • ServerGuard: Sunucu ayarları değişikliklerini izler ve yetkisiz değişiklikleri engeller.
[2025-04-20 18:36:47] info: • WebhookGuard: Webhook oluşturma, silme ve düzenleme işlemlerini takip eder ve yetkisiz değişiklikleri engeller.
[2025-04-20 18:37:11] info: [KOMUT] canbyes_ (1231403330568323173) | /bot 
[2025-04-20 18:37:19] info: [KOMUT] canbyes_ (1231403330568323173) | /davet 
[2025-04-20 18:38:20] info: [KOMUT] canbyes_ (1231403330568323173) | /koruma durum
[2025-04-20 18:38:54] info: [KOMUT] canbyes_ (1231403330568323173) | /whitelist ekle
[2025-04-20 18:39:26] info: [KOMUT] canbyes_ (1231403330568323173) | /whitelist ekle
[2025-04-20 18:39:56] info: [KOMUT] canbyes_ (1231403330568323173) | /whitelist ekle
[2025-04-20 18:40:19] info: [KOMUT] canbyes_ (1231403330568323173) | /whitelist ekle
